
[1m[46m RUN [49m[22m [36mv4.0.14 [39m[90mC:/AM/GitHub/YouTube-AI-Navigator[39m

node.exe : 
At line:1 char:1
+ & "C:\Program Files\nodejs/node.exe" "C:\Program Files\nodejs/node_mo ...
+ ~~~~~~~~~~~~~~~~~~~~~~~~~~~~~~~~~~~~~~~~~~~~~~~~~~~~~~~~~~~~~~~~~~~~~
    + CategoryInfo          : NotSpecified: (:String) [], RemoteException
    + FullyQualifiedErrorId : NativeCommandError
 
[31mΓÄ»ΓÄ»ΓÄ»ΓÄ»ΓÄ»ΓÄ»[39m[1m[41m Failed Suites 1 [49m[22m[31mΓÄ»ΓÄ»ΓÄ»ΓÄ»ΓÄ»ΓÄ»ΓÄ»[39m

[41m[1m FAIL [22m[49m tests/content/handlers/chat.test.js[2m [ tests/content/handlers/chat.test.js 
][22m
[31m[1mError[22m: Cannot find module 'chrome-extension://mock-id/utils/shortcuts/log.js' imported from 
'C:/AM/GitHub/YouTube-AI-Navigator/extension/content/handlers/chat.js'[39m
[36m [2mΓ¥»[22m extension/content/handlers/chat.js:[2m3:15[22m[39m
    [90m  1| [39m[35mconst[39m gu [33m=[39m p [33m=>[39m 
chrome[33m.[39mruntime[33m.[39m[34mgetURL[39m(p)[33m;[39m
    [90m  2| [39m
    [90m  3| [39m[35mconst[39m { e } [33m=[39m [35mawait[39m 
[35mimport[39m([34mgu[39m([32m'utils/shortcuts/log.js'[39m))[33m;[39m
    [90m   | [39m              [31m^[39m
    [90m  4| [39m[35mconst[39m { state } [33m=[39m [35mawait[39m 
[35mimport[39m([34mgu[39m([32m'content/core/state.js'[39m))[33m;[39m
    [90m  5| [39mconst { addChatMessage } = await import(gu('content/ui/renderers/chat.ΓÇª
[90m [2mΓ¥»[22m tests/content/handlers/chat.test.js:[2m2:1[22m[39m

[31m[2mΓÄ»ΓÄ»ΓÄ»ΓÄ»ΓÄ»ΓÄ»ΓÄ»ΓÄ»ΓÄ»ΓÄ»ΓÄ»ΓÄ»ΓÄ»ΓÄ»ΓÄ»ΓÄ»ΓÄ»ΓÄ»ΓÄ»ΓÄ»ΓÄ»ΓÄ»ΓÄ»ΓÄ»[1/1]ΓÄ»[22m[39m


[2m Test Files [22m [1m[31m1 failed[39m[22m[90m (1)[39m
[2m      Tests [22m [2mno tests[22m
[2m   Start at [22m 18:18:55
[2m   Duration [22m 1.17s[2m (transform 75ms, setup 58ms, import 0ms, tests 0ms, environment 827ms)[22m

